

Mon May  8 03:49:21 2023
Command line: TestDisk

TestDisk 7.1, Data Recovery Utility, July 2019
Christophe GRENIER <grenier@cgsecurity.org>
https://www.cgsecurity.org
OS: Linux, kernel 5.15.90.1-microsoft-standard-WSL2 (#1 SMP Fri Jan 27 02:56:13 UTC 2023) x86_64
Compiler: GCC 11.2
ext2fs lib: 1.46.5, ntfs lib: libntfs-3g, reiserfs lib: none, ewf lib: none, curses lib: ncurses 6.3
Warning: can't get size for Disk /dev/mapper/control - 0 B - 0 sectors, sector size=512
Warning: can't get size for Disk /dev/loop0 - 0 B - 0 sectors, sector size=512
Warning: can't get size for Disk /dev/loop1 - 0 B - 0 sectors, sector size=512
Warning: can't get size for Disk /dev/loop2 - 0 B - 0 sectors, sector size=512
Warning: can't get size for Disk /dev/loop3 - 0 B - 0 sectors, sector size=512
Warning: can't get size for Disk /dev/loop4 - 0 B - 0 sectors, sector size=512
Warning: can't get size for Disk /dev/loop5 - 0 B - 0 sectors, sector size=512
Warning: can't get size for Disk /dev/loop6 - 0 B - 0 sectors, sector size=512
Warning: can't get size for Disk /dev/loop7 - 0 B - 0 sectors, sector size=512
Hard disk list
Disk /dev/sda - 380 MB / 363 MiB - CHS 46 255 63 (RO), sector size=512 - Msft Virtual Disk, FW:1.0
Disk /dev/sdb - 4294 MB / 4096 MiB - CHS 522 255 63, sector size=512 - Msft Virtual Disk, FW:1.0
Disk /dev/sdc - 1099 GB / 1024 GiB - CHS 133674 255 63, sector size=512 - Msft Virtual Disk, FW:1.0

Partition table type (auto): None
Disk /dev/sdc - 1099 GB / 1024 GiB - Msft Virtual Disk
Partition table type: None

Interface Advanced

recover_EXT2: s_block_group_nr=0/8192, s_mnt_count=10/4294967295, s_blocks_per_group=32768, s_inodes_per_group=8192
recover_EXT2: s_blocksize=4096
recover_EXT2: s_blocks_count 268435456
recover_EXT2: part_size 2147483648
Filesystem created: Sat Mar 11 13:26:53 2023
Last mount time:    Sun May  7 21:17:12 2023
   P ext4                     0   0  1 133674 172  2 2147483648
     ext4 blocksize=4096 Large_file Sparse_SB Recover, 1099 GB / 1024 GiB
search_superblock

recover_EXT2: s_block_group_nr=0/8192, s_mnt_count=10/4294967295, s_blocks_per_group=32768, s_inodes_per_group=8192
recover_EXT2: s_blocksize=4096
recover_EXT2: s_blocks_count 268435456
recover_EXT2: part_size 2147483648
Filesystem created: Sat Mar 11 13:26:53 2023
Last mount time:    Sun May  7 21:17:12 2023
Ext2 superblock found at sector 2 (block=0, blocksize=4096)

block_group_nr 1

recover_EXT2: "e2fsck -b 32768 -B 4096 device" may be needed
recover_EXT2: s_block_group_nr=1/8192, s_mnt_count=0/4294967295, s_blocks_per_group=32768, s_inodes_per_group=8192
recover_EXT2: s_blocksize=4096
recover_EXT2: s_blocks_count 268435456
recover_EXT2: part_size 2147483648
Filesystem created: Sat Mar 11 13:26:53 2023
Ext2 superblock found at sector 262144 (block=32768, blocksize=4096)

block_group_nr 3

recover_EXT2: "e2fsck -b 98304 -B 4096 device" may be needed
recover_EXT2: s_block_group_nr=3/8192, s_mnt_count=0/4294967295, s_blocks_per_group=32768, s_inodes_per_group=8192
recover_EXT2: s_blocksize=4096
recover_EXT2: s_blocks_count 268435456
recover_EXT2: part_size 2147483648
Filesystem created: Sat Mar 11 13:26:53 2023
Ext2 superblock found at sector 786432 (block=98304, blocksize=4096)

block_group_nr 5

recover_EXT2: "e2fsck -b 163840 -B 4096 device" may be needed
recover_EXT2: s_block_group_nr=5/8192, s_mnt_count=0/4294967295, s_blocks_per_group=32768, s_inodes_per_group=8192
recover_EXT2: s_blocksize=4096
recover_EXT2: s_blocks_count 268435456
recover_EXT2: part_size 2147483648
Filesystem created: Sat Mar 11 13:26:53 2023
Ext2 superblock found at sector 1310720 (block=163840, blocksize=4096)

block_group_nr 7

recover_EXT2: "e2fsck -b 229376 -B 4096 device" may be needed
recover_EXT2: s_block_group_nr=7/8192, s_mnt_count=0/4294967295, s_blocks_per_group=32768, s_inodes_per_group=8192
recover_EXT2: s_blocksize=4096
recover_EXT2: s_blocks_count 268435456
recover_EXT2: part_size 2147483648
Filesystem created: Sat Mar 11 13:26:53 2023
Ext2 superblock found at sector 1835008 (block=229376, blocksize=4096)

block_group_nr 9

recover_EXT2: "e2fsck -b 294912 -B 4096 device" may be needed
recover_EXT2: s_block_group_nr=9/8192, s_mnt_count=0/4294967295, s_blocks_per_group=32768, s_inodes_per_group=8192
recover_EXT2: s_blocksize=4096
recover_EXT2: s_blocks_count 268435456
recover_EXT2: part_size 2147483648
Filesystem created: Sat Mar 11 13:26:53 2023
Ext2 superblock found at sector 2359296 (block=294912, blocksize=4096)

block_group_nr 25

recover_EXT2: "e2fsck -b 819200 -B 4096 device" may be needed
recover_EXT2: s_block_group_nr=25/8192, s_mnt_count=0/4294967295, s_blocks_per_group=32768, s_inodes_per_group=8192
recover_EXT2: s_blocksize=4096
recover_EXT2: s_blocks_count 268435456
recover_EXT2: part_size 2147483648
Filesystem created: Sat Mar 11 13:26:53 2023
Ext2 superblock found at sector 6553600 (block=819200, blocksize=4096)

block_group_nr 27

recover_EXT2: "e2fsck -b 884736 -B 4096 device" may be needed
recover_EXT2: s_block_group_nr=27/8192, s_mnt_count=0/4294967295, s_blocks_per_group=32768, s_inodes_per_group=8192
recover_EXT2: s_blocksize=4096
recover_EXT2: s_blocks_count 268435456
recover_EXT2: part_size 2147483648
Filesystem created: Sat Mar 11 13:26:53 2023
Ext2 superblock found at sector 7077888 (block=884736, blocksize=4096)

block_group_nr 49

recover_EXT2: "e2fsck -b 1605632 -B 4096 device" may be needed
recover_EXT2: s_block_group_nr=49/8192, s_mnt_count=0/4294967295, s_blocks_per_group=32768, s_inodes_per_group=8192
recover_EXT2: s_blocksize=4096
recover_EXT2: s_blocks_count 268435456
recover_EXT2: part_size 2147483648
Filesystem created: Sat Mar 11 13:26:53 2023
Ext2 superblock found at sector 12845056 (block=1605632, blocksize=4096)

block_group_nr 81

recover_EXT2: "e2fsck -b 2654208 -B 4096 device" may be needed
recover_EXT2: s_block_group_nr=81/8192, s_mnt_count=0/4294967295, s_blocks_per_group=32768, s_inodes_per_group=8192
recover_EXT2: s_blocksize=4096
recover_EXT2: s_blocks_count 268435456
recover_EXT2: part_size 2147483648
Filesystem created: Sat Mar 11 13:26:53 2023
Ext2 superblock found at sector 21233664 (block=2654208, blocksize=4096)
  ext4                     0   0  1 133674 172  2 2147483648
superblock 0, blocksize=4096 []
superblock 32768, blocksize=4096 []
superblock 98304, blocksize=4096 []
superblock 163840, blocksize=4096 []
superblock 229376, blocksize=4096 []
superblock 294912, blocksize=4096 []
superblock 819200, blocksize=4096 []
superblock 884736, blocksize=4096 []
superblock 1605632, blocksize=4096 []
superblock 2654208, blocksize=4096 []

To repair the filesystem using alternate superblock, run
fsck.ext4 -p -b superblock -B blocksize device
Change partition type:
   P exFAT                    0   0  1 133674 172  2 2147483648
     ext4 blocksize=4096 Large_file Sparse_SB Recover, 1099 GB / 1024 GiB

Interface Advanced

recover_EXT2: s_block_group_nr=0/8192, s_mnt_count=10/4294967295, s_blocks_per_group=32768, s_inodes_per_group=8192
recover_EXT2: s_blocksize=4096
recover_EXT2: s_blocks_count 268435456
recover_EXT2: part_size 2147483648
Filesystem created: Sat Mar 11 13:26:53 2023
Last mount time:    Sun May  7 21:17:12 2023
   P ext4                     0   0  1 133674 172  2 2147483648
     ext4 blocksize=4096 Large_file Sparse_SB Recover, 1099 GB / 1024 GiB
Partition table type (auto): None
Disk /dev/sdc - 1099 GB / 1024 GiB - Msft Virtual Disk
Partition table type: Intel

Interface Advanced
Partition table type (auto): None
Partition table type (auto): None
Partition table type (auto): None
Disk /dev/sdb - 4294 MB / 4096 MiB - Msft Virtual Disk
Partition table type: None

Interface Advanced
   P Linux SWAP 2             0   0  1   522  42 40    8388616
     SWAP2 version 1, pagesize=4096, 4294 MB / 4096 MiB
Partition table type (auto): None
Media is opened in read-only.
Partition table type (auto): None
Disk /dev/sdc - 1099 GB / 1024 GiB - Msft Virtual Disk
Partition table type: Intel

Interface Advanced
Partition table type (auto): None
Disk /dev/sdc - 1099 GB / 1024 GiB - Msft Virtual Disk
Partition table type: None

Interface Advanced

recover_EXT2: s_block_group_nr=0/8192, s_mnt_count=10/4294967295, s_blocks_per_group=32768, s_inodes_per_group=8192
recover_EXT2: s_blocksize=4096
recover_EXT2: s_blocks_count 268435456
recover_EXT2: part_size 2147483648
Filesystem created: Sat Mar 11 13:26:53 2023
Last mount time:    Sun May  7 21:17:12 2023
   P ext4                     0   0  1 133674 172  2 2147483648
     ext4 blocksize=4096 Large_file Sparse_SB Recover, 1099 GB / 1024 GiB


dir_partition inode=2
   P ext4                     0   0  1 133674 172  2 2147483648
     ext4 blocksize=4096 Large_file Sparse_SB Recover, 1099 GB / 1024 GiB
Directory /
       2 drwxr-xr-x     0      0      4096  7-May-2023 21:17 .
       2 drwxr-xr-x     0      0      4096  7-May-2023 21:17 ..
      11 drwx------     0      0     16384 11-Mar-2023 13:26 lost+found
      12 lrwxrwxrwx     0      0         7  3-Jan-2023 18:40 bin
    8193 drwxr-xr-x     0      0      4096 18-Apr-2022 07:28 boot
    8194 drwxr-xr-x     0      0      4096  3-Jan-2023 18:40 dev
   16385 drwxr-xr-x     0      0      4096  8-May-2023 03:45 etc
   16386 drwxr-xr-x     0      0      4096 11-Mar-2023 13:27 home
    1155 lrwxrwxrwx     0      0         7  3-Jan-2023 18:40 lib
    1156 lrwxrwxrwx     0      0         9  3-Jan-2023 18:40 lib32
    1157 lrwxrwxrwx     0      0         9  3-Jan-2023 18:40 lib64
    1158 lrwxrwxrwx     0      0        10  3-Jan-2023 18:40 libx32
   24577 drwxr-xr-x     0      0      4096  3-Jan-2023 18:40 media
   24578 drwxr-xr-x     0      0      4096 11-Mar-2023 13:27 mnt
   32769 drwxr-xr-x     0      0      4096 11-Mar-2023 13:38 opt
   32770 drwxr-xr-x     0      0      4096 18-Apr-2022 07:28 proc
   40961 drwx------     0      0      4096  3-Jan-2023 18:41 root
   40962 drwxr-xr-x     0      0      4096  3-Jan-2023 18:41 run
    1185 lrwxrwxrwx     0      0         8  3-Jan-2023 18:40 sbin
   49153 drwxr-xr-x     0      0      4096  3-Jan-2023 18:41 snap
   49154 drwxr-xr-x     0      0      4096  3-Jan-2023 18:40 srv
   57345 drwxr-xr-x     0      0      4096 18-Apr-2022 07:28 sys
   57346 drwxrwxrwt     0      0     12288  8-May-2023 03:45 tmp
   65537 drwxr-xr-x     0      0      4096  3-Jan-2023 18:40 usr
   32771 drwxr-xr-x     0      0      4096  3-Jan-2023 18:41 var
   29334 -rwxr-xr-x     0      0         0  7-May-2023 21:17 init

dir_partition inode=8194
   P ext4                     0   0  1 133674 172  2 2147483648
     ext4 blocksize=4096 Large_file Sparse_SB Recover, 1099 GB / 1024 GiB
Directory /dev
    8194 drwxr-xr-x     0      0      4096  3-Jan-2023 18:40 .
       2 drwxr-xr-x     0      0      4096  7-May-2023 21:17 ..
      13 crw-rw-rw-     0      0         0  3-Jan-2023 18:40 console
      14 lrwxrwxrwx     0      0        13  3-Jan-2023 18:40 fd
      15 crw-rw-rw-     0      0         0  3-Jan-2023 18:40 full
      16 crw-rw-rw-     0      0         0  3-Jan-2023 18:40 null
      17 crw-rw-rw-     0      0         0  3-Jan-2023 18:40 ptmx
      18 drwxr-xr-x     0      0      4096  3-Jan-2023 18:40 pts
      19 crw-rw-rw-     0      0         0  3-Jan-2023 18:40 random
      20 drwxr-xr-x     0      0      4096  3-Jan-2023 18:40 shm
      21 lrwxrwxrwx     0      0        15  3-Jan-2023 18:40 stderr
      22 lrwxrwxrwx     0      0        15  3-Jan-2023 18:40 stdin
      23 lrwxrwxrwx     0      0        15  3-Jan-2023 18:40 stdout
      24 crw-rw-rw-     0      0         0  3-Jan-2023 18:40 tty
      25 crw-rw-rw-     0      0         0  3-Jan-2023 18:40 urandom
      26 crw-rw-rw-     0      0         0  3-Jan-2023 18:40 zero
Directory /
       2 drwxr-xr-x     0      0      4096  7-May-2023 21:17 .
       2 drwxr-xr-x     0      0      4096  7-May-2023 21:17 ..
      11 drwx------     0      0     16384 11-Mar-2023 13:26 lost+found
      12 lrwxrwxrwx     0      0         7  3-Jan-2023 18:40 bin
    8193 drwxr-xr-x     0      0      4096 18-Apr-2022 07:28 boot
    8194 drwxr-xr-x     0      0      4096  3-Jan-2023 18:40 dev
   16385 drwxr-xr-x     0      0      4096  8-May-2023 03:45 etc
   16386 drwxr-xr-x     0      0      4096 11-Mar-2023 13:27 home
    1155 lrwxrwxrwx     0      0         7  3-Jan-2023 18:40 lib
    1156 lrwxrwxrwx     0      0         9  3-Jan-2023 18:40 lib32
    1157 lrwxrwxrwx     0      0         9  3-Jan-2023 18:40 lib64
    1158 lrwxrwxrwx     0      0        10  3-Jan-2023 18:40 libx32
   24577 drwxr-xr-x     0      0      4096  3-Jan-2023 18:40 media
   24578 drwxr-xr-x     0      0      4096 11-Mar-2023 13:27 mnt
   32769 drwxr-xr-x     0      0      4096 11-Mar-2023 13:38 opt
   32770 drwxr-xr-x     0      0      4096 18-Apr-2022 07:28 proc
   40961 drwx------     0      0      4096  3-Jan-2023 18:41 root
   40962 drwxr-xr-x     0      0      4096  3-Jan-2023 18:41 run
    1185 lrwxrwxrwx     0      0         8  3-Jan-2023 18:40 sbin
   49153 drwxr-xr-x     0      0      4096  3-Jan-2023 18:41 snap
   49154 drwxr-xr-x     0      0      4096  3-Jan-2023 18:40 srv
   57345 drwxr-xr-x     0      0      4096 18-Apr-2022 07:28 sys
   57346 drwxrwxrwt     0      0     12288  8-May-2023 03:45 tmp
   65537 drwxr-xr-x     0      0      4096  3-Jan-2023 18:40 usr
   32771 drwxr-xr-x     0      0      4096  3-Jan-2023 18:41 var
   29334 -rwxr-xr-x     0      0         0  7-May-2023 21:17 init

dir_partition inode=16386
   P ext4                     0   0  1 133674 172  2 2147483648
     ext4 blocksize=4096 Large_file Sparse_SB Recover, 1099 GB / 1024 GiB
Directory /home
   16386 drwxr-xr-x     0      0      4096 11-Mar-2023 13:27 .
       2 drwxr-xr-x     0      0      4096  7-May-2023 21:17 ..
     474 drwxr-x---  1000   1000      4096  8-May-2023 03:49 eddie

dir_partition inode=474
   P ext4                     0   0  1 133674 172  2 2147483648
     ext4 blocksize=4096 Large_file Sparse_SB Recover, 1099 GB / 1024 GiB
Directory /home/eddie
     474 drwxr-x---  1000   1000      4096  8-May-2023 03:49 .
   16386 drwxr-xr-x     0      0      4096 11-Mar-2023 13:27 ..
     997 -rw-r--r--  1000   1000       220 11-Mar-2023 13:27 .bash_logout
   29350 -rw-r--r--  1000   1000      3771 11-Mar-2023 13:27 .bashrc
   29353 -rw-r--r--  1000   1000       807 11-Mar-2023 13:27 .profile
   29355 -rw-r--r--  1000   1000         0 11-Mar-2023 13:27 .motd_shown
   29358 -rw-------  1000   1000      2314 14-Mar-2023 17:48 .bash_history
   29359 -rw-r--r--  1000   1000         0 11-Mar-2023 13:29 .sudo_as_admin_successful
   49693 drwxr-xr-x  1000   1000      4096 14-Mar-2023 21:19 dev
   11558 drwxr-xr-x  1000   1000      4096  8-May-2023 01:01 .config
   27082 -rw-r--r--  1000   1000       350 14-Mar-2023 21:19 .wget-hsts
   49716 drwxr-xr-x  1000   1000      4096  8-May-2023 00:41 .cache
   49719 drwxr-xr-x  1000   1000      4096 14-Mar-2023 21:28 .local
    3535 drwxr-xr-x  1000   1000      4096  7-May-2023 21:17 .oh-my-zsh
   20858 -rw-r--r--  1000   1000     49227 14-Mar-2023 18:45 .zcompdump
   52031 -rw-r--r--  1000   1000      3975 11-Mar-2023 14:19 .zshrc
   53382 -rw-r--r--  1000   1000        10 11-Mar-2023 13:41 .shell.pre-oh-my-zsh
   53390 drwxr-xr-x  1000   1000      4096  8-May-2023 03:28 .ssh
   53396 drwxr-xr-x  1000   1000      4096 11-Mar-2023 14:03 .vscode
   53473 drwx------  1000   1000      4096 11-Mar-2023 14:03 .pki
    1268 -rw-r--r--  1000   1000     50588  7-May-2023 21:17 .zcompdump-Eddie-5.8.1
    3574 -r--r--r--  1000   1000    117184  7-May-2023 21:17 .zcompdump-Eddie-5.8.1.zwc
   15229 -rw-------  1000   1000     18583  8-May-2023 03:49 .zsh_history
   45280 drwxr-xr-x  1000   1000      4096 11-Mar-2023 14:20 .vscode-server
   55189 drwxr-xr-x  1000   1000      4096  7-May-2023 21:36 Downloads
   68531 drwxr-xr-x  1000   1000      4096 11-Mar-2023 18:05 go
   68552 drwxr-xr-x  1000   1000      4096 11-Mar-2023 18:06 .dotnet
    2695 -rw-------  1000   1000       109 14-Mar-2023 21:27 .python_history
   15197 drwxr-xr-x  1000   1000      4096 14-Mar-2023 21:08 .keras
  155046 drwx------  1000   1000      4096  8-May-2023 01:38 .docker
  166554 -rw-------  1000   1000        20  8-May-2023 03:33 .lesshst
  166963 -rw-r--r--  1000   1000        69  8-May-2023 03:34 .gitconfig

dir_partition inode=49693
   P ext4                     0   0  1 133674 172  2 2147483648
     ext4 blocksize=4096 Large_file Sparse_SB Recover, 1099 GB / 1024 GiB
Directory /home/eddie/dev
   49693 drwxr-xr-x  1000   1000      4096 14-Mar-2023 21:19 .
     474 drwxr-x---  1000   1000      4096  8-May-2023 03:49 ..
   53860 drwxr-xr-x  1000   1000      4096 11-Mar-2023 14:02 board
     115 drwxr-xr-x  1000   1000      4096  8-May-2023 03:49 amadeus_chatbot
   49714 -rwxr-xr-x  1000   1000   2831608 11-Mar-2023 13:40 composer.phar
    1255 -rw-r--r--  1000   1000  25309084 11-Oct-2022 13:07 Python-3.8.15.tgz
    1300 drwxr-xr-x  1000   1000      4096 14-Mar-2023 21:21 Python-3.8.15

dir_partition inode=115
   P ext4                     0   0  1 133674 172  2 2147483648
     ext4 blocksize=4096 Large_file Sparse_SB Recover, 1099 GB / 1024 GiB
Directory /home/eddie/dev/amadeus_chatbot
     115 drwxr-xr-x  1000   1000      4096  8-May-2023 03:49 .
   49693 drwxr-xr-x  1000   1000      4096 14-Mar-2023 21:19 ..
    2678 drwxr-xr-x  1000   1000      4096  8-May-2023 03:46 storage
    2706 -rw-r--r--     0      0      8192  8-May-2023 03:51 testdisk.log
  165711 drwxr-xr-x  1000   1000      4096  8-May-2023 03:46 .git
  165952 drwxr-xr-x  1000   1000      4096  8-May-2023 03:31 branches
  165972 drwxr-xr-x  1000   1000      4096  8-May-2023 03:31 refs
  165982 drwxr-xr-x  1000   1000      4096  8-May-2023 03:31 objects
  147671 drwxr-xr-x  1000   1000      4096  8-May-2023 03:45 amadeus_bot
  166966 -rw-r--r--  1000   1000       224  8-May-2023 03:43 .gitignore
Directory /home/eddie/dev
   49693 drwxr-xr-x  1000   1000      4096 14-Mar-2023 21:19 .
     474 drwxr-x---  1000   1000      4096  8-May-2023 03:49 ..
   53860 drwxr-xr-x  1000   1000      4096 11-Mar-2023 14:02 board
     115 drwxr-xr-x  1000   1000      4096  8-May-2023 03:49 amadeus_chatbot
   49714 -rwxr-xr-x  1000   1000   2831608 11-Mar-2023 13:40 composer.phar
    1255 -rw-r--r--  1000   1000  25309084 11-Oct-2022 13:07 Python-3.8.15.tgz
    1300 drwxr-xr-x  1000   1000      4096 14-Mar-2023 21:21 Python-3.8.15
Directory /home/eddie
     474 drwxr-x---  1000   1000      4096  8-May-2023 03:49 .
   16386 drwxr-xr-x     0      0      4096 11-Mar-2023 13:27 ..
     997 -rw-r--r--  1000   1000       220 11-Mar-2023 13:27 .bash_logout
   29350 -rw-r--r--  1000   1000      3771 11-Mar-2023 13:27 .bashrc
   29353 -rw-r--r--  1000   1000       807 11-Mar-2023 13:27 .profile
   29355 -rw-r--r--  1000   1000         0 11-Mar-2023 13:27 .motd_shown
   29358 -rw-------  1000   1000      2314 14-Mar-2023 17:48 .bash_history
   29359 -rw-r--r--  1000   1000         0 11-Mar-2023 13:29 .sudo_as_admin_successful
   49693 drwxr-xr-x  1000   1000      4096 14-Mar-2023 21:19 dev
   11558 drwxr-xr-x  1000   1000      4096  8-May-2023 01:01 .config
   27082 -rw-r--r--  1000   1000       350 14-Mar-2023 21:19 .wget-hsts
   49716 drwxr-xr-x  1000   1000      4096  8-May-2023 00:41 .cache
   49719 drwxr-xr-x  1000   1000      4096 14-Mar-2023 21:28 .local
    3535 drwxr-xr-x  1000   1000      4096  7-May-2023 21:17 .oh-my-zsh
   20858 -rw-r--r--  1000   1000     49227 14-Mar-2023 18:45 .zcompdump
   52031 -rw-r--r--  1000   1000      3975 11-Mar-2023 14:19 .zshrc
   53382 -rw-r--r--  1000   1000        10 11-Mar-2023 13:41 .shell.pre-oh-my-zsh
   53390 drwxr-xr-x  1000   1000      4096  8-May-2023 03:28 .ssh
   53396 drwxr-xr-x  1000   1000      4096 11-Mar-2023 14:03 .vscode
   53473 drwx------  1000   1000      4096 11-Mar-2023 14:03 .pki
    1268 -rw-r--r--  1000   1000     50588  7-May-2023 21:17 .zcompdump-Eddie-5.8.1
    3574 -r--r--r--  1000   1000    117184  7-May-2023 21:17 .zcompdump-Eddie-5.8.1.zwc
   15229 -rw-------  1000   1000     18583  8-May-2023 03:49 .zsh_history
   45280 drwxr-xr-x  1000   1000      4096 11-Mar-2023 14:20 .vscode-server
   55189 drwxr-xr-x  1000   1000      4096  7-May-2023 21:36 Downloads
   68531 drwxr-xr-x  1000   1000      4096 11-Mar-2023 18:05 go
   68552 drwxr-xr-x  1000   1000      4096 11-Mar-2023 18:06 .dotnet
    2695 -rw-------  1000   1000       109 14-Mar-2023 21:27 .python_history
   15197 drwxr-xr-x  1000   1000      4096 14-Mar-2023 21:08 .keras
  155046 drwx------  1000   1000      4096  8-May-2023 01:38 .docker
  166554 -rw-------  1000   1000        20  8-May-2023 03:33 .lesshst
  166963 -rw-r--r--  1000   1000        69  8-May-2023 03:34 .gitconfig
Directory /home
   16386 drwxr-xr-x     0      0      4096 11-Mar-2023 13:27 .
       2 drwxr-xr-x     0      0      4096  7-May-2023 21:17 ..
     474 drwxr-x---  1000   1000      4096  8-May-2023 03:49 eddie
Directory /
       2 drwxr-xr-x     0      0      4096  7-May-2023 21:17 .
       2 drwxr-xr-x     0      0      4096  7-May-2023 21:17 ..
      11 drwx------     0      0     16384 11-Mar-2023 13:26 lost+found
      12 lrwxrwxrwx     0      0         7  3-Jan-2023 18:40 bin
    8193 drwxr-xr-x     0      0      4096 18-Apr-2022 07:28 boot
    8194 drwxr-xr-x     0      0      4096  3-Jan-2023 18:40 dev
   16385 drwxr-xr-x     0      0      4096  8-May-2023 03:45 etc
   16386 drwxr-xr-x     0      0      4096 11-Mar-2023 13:27 home
    1155 lrwxrwxrwx     0      0         7  3-Jan-2023 18:40 lib
    1156 lrwxrwxrwx     0      0         9  3-Jan-2023 18:40 lib32
    1157 lrwxrwxrwx     0      0         9  3-Jan-2023 18:40 lib64
    1158 lrwxrwxrwx     0      0        10  3-Jan-2023 18:40 libx32
   24577 drwxr-xr-x     0      0      4096  3-Jan-2023 18:40 media
   24578 drwxr-xr-x     0      0      4096 11-Mar-2023 13:27 mnt
   32769 drwxr-xr-x     0      0      4096 11-Mar-2023 13:38 opt
   32770 drwxr-xr-x     0      0      4096 18-Apr-2022 07:28 proc
   40961 drwx------     0      0      4096  3-Jan-2023 18:41 root
   40962 drwxr-xr-x     0      0      4096  3-Jan-2023 18:41 run
    1185 lrwxrwxrwx     0      0         8  3-Jan-2023 18:40 sbin
   49153 drwxr-xr-x     0      0      4096  3-Jan-2023 18:41 snap
   49154 drwxr-xr-x     0      0      4096  3-Jan-2023 18:40 srv
   57345 drwxr-xr-x     0      0      4096 18-Apr-2022 07:28 sys
   57346 drwxrwxrwt     0      0     12288  8-May-2023 03:45 tmp
   65537 drwxr-xr-x     0      0      4096  3-Jan-2023 18:40 usr
   32771 drwxr-xr-x     0      0      4096  3-Jan-2023 18:41 var
   29334 -rwxr-xr-x     0      0         0  7-May-2023 21:17 init

Interface Advanced

recover_EXT2: s_block_group_nr=0/8192, s_mnt_count=10/4294967295, s_blocks_per_group=32768, s_inodes_per_group=8192
recover_EXT2: s_blocksize=4096
recover_EXT2: s_blocks_count 268435456
recover_EXT2: part_size 2147483648
Filesystem created: Sat Mar 11 13:26:53 2023
Last mount time:    Sun May  7 21:17:12 2023
   P ext4                     0   0  1 133674 172  2 2147483648
     ext4 blocksize=4096 Large_file Sparse_SB Recover, 1099 GB / 1024 GiB

TestDisk exited normally.
